##################################################
# Updating ... YUM/DNF Repository
##################################################
yum update
yum clean all
yum info centos-release-stream
dnf update
dnf clean all
dnf info centos-release-stream

[root@censot8 jhub]# yum info centos-release-stream
メタデータの期限切れの最終確認: 1:47:32 前の 2023年07月15日 21時48分06秒 に実施しました。
利用可能なパッケージ
名前         : centos-release-stream
バージョン   : 8.1
リリース     : 1.1911.0.7.el8
Arch         : x86_64
サイズ       : 11 k
ソース       : centos-release-stream-8.1-1.1911.0.7.el8.src.rpm
リポジトリー : extras
概要         : CentOS-Stream release file
ライセンス   : GPLv2
説明         : CentOS-Stream release files

[root@censot8 jhub]# dnf info centos-release-stream
メタデータの期限切れの最終確認: 1:47:39 前の 2023年07月15日 21時48分06秒 に実施しました。
利用可能なパッケージ
名前         : centos-release-stream
バージョン   : 8.1
リリース     : 1.1911.0.7.el8
Arch         : x86_64
サイズ       : 11 k
ソース       : centos-release-stream-8.1-1.1911.0.7.el8.src.rpm
リポジトリー : extras
概要         : CentOS-Stream release file
ライセンス   : GPLv2
説明         : CentOS-Stream release files

##################################################
# Setting ... Stopping/Disable firewalld
##################################################
systemctl status firewalld
systemctl stop firewalld
systemctl disable firewalld
systemctl status firewalld

##################################################
# Installing ... VIM/ZIP/Podman
##################################################
dnf -y install vim
dnf -y install zip unzip
dnf -y install podman
which vim
which zip
which unzip
which podman

podman --version
podman info

##################################################
# Pulling ... OpenLDAP/FusionDirectory/JupyterHub/JupyterLab
##################################################
podman pull docker.io/jupyterhub/jupyterhub:3.1.1
podman pull docker.io/jupyter/minimal-notebook:python-3.8.8
podman pull docker.io/hrektts/fusiondirectory-openldap:1.1.9-1.2-1
podman pull docker.io/hrektts/fusiondirectory:0.2.0
podman pull quay.io/jupyteronopenshift/s2i-minimal-notebook-py36:2.5.1
podman pull quay.io/thoth-station/s2i-minimal-py38-notebook:v1.0.0
podman images

[root@centos8 ~]# podman images
REPOSITORY                                            TAG           IMAGE ID      CREATED        SIZE
docker.io/jupyterhub/jupyterhub                       3.1.1         0d81ec5c6537  5 months ago   375 MB
quay.io/thoth-station/s2i-minimal-py38-notebook       v1.0.0        9cc29357cf35  11 months ago  1.84 GB
docker.io/jupyter/minimal-notebook                    python-3.8.8  0f07bb30bf38  2 years ago    1.59 GB
quay.io/jupyteronopenshift/s2i-minimal-notebook-py36  2.5.1         8290b34319aa  3 years ago    1.31 GB
docker.io/hrektts/fusiondirectory-openldap            1.1.9-1.2-1   7f2e4370509d  5 years ago    236 MB
docker.io/hrektts/fusiondirectory                     0.2.0         b56f1086a08d  5 years ago    358 MB

##################################################
# Creating ... PodmanNetwork for JupyterHub
##################################################
podman network create jupyterhub
podman network ls

##################################################
# Testing ... JupyterLab
##################################################
podman run -d -it --name hoge -e GRANT_SUDO=yes -p 8888:8888 jupyter/minimal-notebook:python-3.8.8
podman run -d -it --name hoge -v /var/lib/docker/volumes/jupyterhub-user-admin/_data:/home/jovyan/work -e GRANT_SUDO=yes -p 8888:8888 jupyter/minimal-notebook:python-3.8.8

podman exec -it hoge jupyter notebook list
podman exec -it hoge jupyter server list

podman exec -u root -it hoge /bin/bash

podman stop hoge
podman rm hoge

http://192.168.130.100:8888/
http://192.168.130.200:8888/

##################################################
# Installing ... Podman-Docker
##################################################
#podman system service --time=0 &
systemctl --now enable podman.socket
#systemctl daemon-reload
#systemctl restart podman.socket
systemctl status podman.socket

#export DOCKER_HOST=unix://$XDG_RUNTIME_DIR/podman/podman.sock
export DOCKER_HOST=unix://run/podman/podman.sock

dnf -y install podman-docker
#dnf -y install podman-plugins
#dnf -y install podman-remote
which docker

docker version
docker info

#chmod 757 /run/podman
#chmod 667 /run/podman/podman.sock

##################################################
# Building ... JupyterLab Image
##################################################
podman stop jupyter
podman rm jupyter
podman rmi jupyter/minimal-notebook:python-3.8.8-podman
podman image build -t jupyter/minimal-notebook:python-3.8.8-podman -f Dockerfile.lab . --no-cache

podman run -d -it --name jupyter -p 8888:8888 -d jupyter/minimal-notebook:python-3.8.8-podman

##################################################
# Starting ... OpenLDAP/FusionDirectory as Container(Process)
##################################################
podman run --name ldap -p 389:389 --ip 10.88.0.3 \
  -e LDAP_ORGANISATION="OpenLDAP for ldapauthenticator.LDAPAuthenticator" \
  -e LDAP_DOMAIN="dapf.com" \
  -e LDAP_ADMIN_PASSWORD="ldapadminp@ssw0rd" \
  -e FD_ADMIN_PASSWORD="fdadminp@ssw0rd" \
  -d hrektts/fusiondirectory-openldap:1.1.9-1.2-1

podman run --name fd -p 80:80 --ip 10.88.0.4 --add-host ldap:10.88.0.3 \
  -e LDAP_HOST="ldap" \
  -e LDAP_ADMIN_DN="cn=admin,dc=dapf,dc=com" \
  -e LDAP_DOMAIN="dapf.com" \
  -e LDAP_ADMIN_PASSWORD="ldapadminp@ssw0rd" \
  -e FD_ADMIN_PASSWORD="fdadminp@ssw0rd" \
  -d hrektts/fusiondirectory:0.2.0

##################################################
# Starting ... JupyterHub as Container(Process)
##################################################
podman stop jupyterhub
podman rm jupyterhub
podman rmi jupyterhub:3.1.1-custom
podman image build -t jupyterhub/jupyterhub:3.1.1-custom -f Dockerfile.hub . --no-cache

podman stop jupyterhub
podman rm jupyterhub
podman run --name jupyterhub -p 8000:8000 -p 8001:8001 -p 8081:8081 \
  --net jupyterhub \
  --privileged \
  -v /run/podman/podman.sock:/var/run/docker.sock:ro \
  -e DOCKER_HOST=unix://run/podman/podman.sock \
  -d jupyterhub/jupyterhub:3.1.1-custom
 -> Error: HTTP 500: Internal Server Error (Unhandled error starting server admin)  

podman stop jupyterhub
podman rm jupyterhub
podman run --name jupyterhub -p 8000:8000 -p 8001:8001 -p 8081:8081 \
  --net jupyterhub \
  --privileged \
  -v /var/run/docker.sock:/var/run/docker.sock:ro \
  -e DOCKER_HOST=unix://run/podman/podman.sock \
  -d jupyterhub/jupyterhub:3.1.1-custom
 -> Error: HTTP 500: Internal Server Error (Unhandled error starting server admin) 

podman stop jupyterhub
podman rm jupyterhub
docker run --name jupyterhub -p 8000:8000 -p 8001:8001 -p 8081:8081 \
  --net jupyterhub \
  --privileged \
  -v /var/run/docker.sock:/var/run/docker.sock \
  -d jupyterhub/jupyterhub:3.1.1-custom
 -> Success

podman ps -a
podman logs jupyterhub

##################################################
# Starting ... JupyterHub as Process
##################################################
dnf -y install python38 python38-pip
python3 -m pip install pip -U
#python3 -m pip install jupyterhub==3.1.1 IPython jupyter_client notebook jupyterlab docker dockerspawner escapism podmanclispawner PyOpenSSL ldap3 jupyterhub-ldapauthenticator pyasn1
python3 -m pip install jupyterhub==3.1.1 IPython jupyter_client notebook jupyterlab docker dockerspawner escapism

dnf -y install nodejs npm
npm install -g configurable-http-proxy

jupyterhub --config=jupyterhub_config.py


##################################################
# Appendix.
##################################################
[root@centos8 ~]# dnf update
dnf info centos-release-stream
CentOS Stream 8 - AppStream                                                                                                                                                                                  3.1 MB/s |  31 MB     00:09
CentOS Stream 8 - BaseOS                                                                                                                                                                                      18 MB/s |  41 MB     00:02
CentOS Stream 8 - Extras                                                                                                                                                                                      29 kB/s |  18 kB     00:00
CentOS Stream 8 - Extras common packages                                                                                                                                                                      17 kB/s | 6.6 kB     00:00
依存関係が解決しました。
=============================================================================================================================================================================================================================================
 パッケージ                                               アーキテクチャー                                       バージョン                                                     リポジトリー                                           サイズ
=============================================================================================================================================================================================================================================
アップグレード:
 hostname                                                 x86_64                                                 3.20-7.el8.0.1                                                 baseos                                                  32 k

トランザクションの概要
=============================================================================================================================================================================================================================================
アップグレード  1 パッケージ

ダウンロードサイズの合計: 32 k
これでよろしいですか? [y/N]: これでよろしいですか? [y/N]: y
パッケージのダウンロード:
hostname-3.20-7.el8.0.1.x86_64.rpm                                                                                                                                                                           522 kB/s |  32 kB     00:00
---------------------------------------------------------------------------------------------------------------------------------------------------------------------------------------------------------------------------------------------
合計                                                                                                                                                                                                          56 kB/s |  32 kB     00:00
CentOS Stream 8 - BaseOS                                                                                                                                                                                     1.6 MB/s | 1.6 kB     00:00
GPG 鍵 0x8483C65D をインポート中:
 Userid     : "CentOS (CentOS Official Signing Key) <security@centos.org>"
 Fingerprint: 99DB 70FA E1D7 CE22 7FB6 4882 05B5 55B3 8483 C65D
 From       : /etc/pki/rpm-gpg/RPM-GPG-KEY-centosofficial
これでよろしいですか? [y/N]: y
鍵のインポートに成功しました
トランザクションの確認を実行中
トランザクションの確認に成功しました。
トランザクションのテストを実行中
トランザクションのテストに成功しました。
トランザクションを実行中
  準備             :                                                                                                                                                                                                                     1/1
  scriptletの実行中: hostname-3.20-7.el8.0.1.x86_64                                                                                                                                                                                      1/1
  アップグレード中 : hostname-3.20-7.el8.0.1.x86_64                                                                                                                                                                                      1/2
  scriptletの実行中: hostname-3.20-7.el8.0.1.x86_64                                                                                                                                                                                      1/2
  scriptletの実行中: hostname-3.20-6.el8.x86_64                                                                                                                                                                                          2/2
  整理             : hostname-3.20-6.el8.x86_64                                                                                                                                                                                          2/2
  scriptletの実行中: hostname-3.20-6.el8.x86_64                                                                                                                                                                                          2/2
  検証             : hostname-3.20-7.el8.0.1.x86_64                                                                                                                                                                                      1/2
  検証             : hostname-3.20-6.el8.x86_64                                                                                                                                                                                          2/2

アップグレード済み:
  hostname-3.20-7.el8.0.1.x86_64

完了しました!
[root@centos8 ~]# dnf info centos-release-stream
メタデータの期限切れの最終確認: 0:00:27 前の 2023年07月18日 14時06分53秒 に実施しました。
利用可能なパッケージ
名前         : centos-release-stream
バージョン   : 8.1
リリース     : 1.1911.0.7.el8
Arch         : x86_64
サイズ       : 11 k
ソース       : centos-release-stream-8.1-1.1911.0.7.el8.src.rpm
リポジトリー : extras
概要         : CentOS-Stream release file
ライセンス   : GPLv2
説明         : CentOS-Stream release files

[root@centos8 ~]# dnf -y install vim
メタデータの期限切れの最終確認: 0:01:46 前の 2023年07月18日 14時06分53秒 に実施しました。
依存関係が解決しました。
=============================================================================================================================================================================================================================================
 パッケージ                                                 アーキテクチャー                                   バージョン                                                        リポジトリー                                          サイズ
=============================================================================================================================================================================================================================================
インストール:
 vim-enhanced                                               x86_64                                             2:8.0.1763-19.el8.4                                               appstream                                             1.4 M
依存関係のインストール:
 gpm-libs                                                   x86_64                                             1.20.7-17.el8                                                     appstream                                              39 k
 vim-common                                                 x86_64                                             2:8.0.1763-19.el8.4                                               appstream                                             6.3 M
 vim-filesystem                                             noarch                                             2:8.0.1763-19.el8.4                                               appstream                                              50 k

トランザクションの概要
=============================================================================================================================================================================================================================================
インストール  4 パッケージ

ダウンロードサイズの合計: 7.8 M
インストール後のサイズ: 30 M
パッケージのダウンロード:
(1/4): gpm-libs-1.20.7-17.el8.x86_64.rpm                                                                                                                                                                     993 kB/s |  39 kB     00:00
(2/4): vim-filesystem-8.0.1763-19.el8.4.noarch.rpm                                                                                                                                                           2.6 MB/s |  50 kB     00:00
(3/4): vim-enhanced-8.0.1763-19.el8.4.x86_64.rpm                                                                                                                                                             9.1 MB/s | 1.4 MB     00:00
(4/4): vim-common-8.0.1763-19.el8.4.x86_64.rpm                                                                                                                                                                11 MB/s | 6.3 MB     00:00
---------------------------------------------------------------------------------------------------------------------------------------------------------------------------------------------------------------------------------------------
合計                                                                                                                                                                                                         7.2 MB/s | 7.8 MB     00:01
トランザクションの確認を実行中
トランザクションの確認に成功しました。
トランザクションのテストを実行中
トランザクションのテストに成功しました。
トランザクションを実行中
  準備             :                                                                                                                                                                                                                     1/1
  インストール中   : vim-filesystem-2:8.0.1763-19.el8.4.noarch                                                                                                                                                                           1/4
  インストール中   : vim-common-2:8.0.1763-19.el8.4.x86_64                                                                                                                                                                               2/4
  インストール中   : gpm-libs-1.20.7-17.el8.x86_64                                                                                                                                                                                       3/4
  scriptletの実行中: gpm-libs-1.20.7-17.el8.x86_64                                                                                                                                                                                       3/4
  インストール中   : vim-enhanced-2:8.0.1763-19.el8.4.x86_64                                                                                                                                                                             4/4
  scriptletの実行中: vim-enhanced-2:8.0.1763-19.el8.4.x86_64                                                                                                                                                                             4/4
  scriptletの実行中: vim-common-2:8.0.1763-19.el8.4.x86_64                                                                                                                                                                               4/4
  検証             : gpm-libs-1.20.7-17.el8.x86_64                                                                                                                                                                                       1/4
  検証             : vim-common-2:8.0.1763-19.el8.4.x86_64                                                                                                                                                                               2/4
  検証             : vim-enhanced-2:8.0.1763-19.el8.4.x86_64                                                                                                                                                                             3/4
  検証             : vim-filesystem-2:8.0.1763-19.el8.4.noarch                                                                                                                                                                           4/4

インストール済み:
  gpm-libs-1.20.7-17.el8.x86_64                      vim-common-2:8.0.1763-19.el8.4.x86_64                      vim-enhanced-2:8.0.1763-19.el8.4.x86_64                      vim-filesystem-2:8.0.1763-19.el8.4.noarch

完了しました!
[root@centos8 ~]# dnf -y install zip unzip
メタデータの期限切れの最終確認: 0:04:16 前の 2023年07月18日 14時06分53秒 に実施しました。
依存関係が解決しました。
=============================================================================================================================================================================================================================================
 パッケージ                                             アーキテクチャー                                        バージョン                                                     リポジトリー                                            サイズ
=============================================================================================================================================================================================================================================
インストール:
 unzip                                                  x86_64                                                  6.0-46.el8                                                     baseos                                                  196 k
 zip                                                    x86_64                                                  3.0-23.el8                                                     baseos                                                  270 k

トランザクションの概要
=============================================================================================================================================================================================================================================
インストール  2 パッケージ

ダウンロードサイズの合計: 466 k
インストール後のサイズ: 1.2 M
パッケージのダウンロード:
(1/2): unzip-6.0-46.el8.x86_64.rpm                                                                                                                                                                           1.5 MB/s | 196 kB     00:00
(2/2): zip-3.0-23.el8.x86_64.rpm                                                                                                                                                                             1.9 MB/s | 270 kB     00:00
---------------------------------------------------------------------------------------------------------------------------------------------------------------------------------------------------------------------------------------------
合計                                                                                                                                                                                                         538 kB/s | 466 kB     00:00
トランザクションの確認を実行中
トランザクションの確認に成功しました。
トランザクションのテストを実行中
トランザクションのテストに成功しました。
トランザクションを実行中
  準備             :                                                                                                                                                                                                                     1/1
  インストール中   : unzip-6.0-46.el8.x86_64                                                                                                                                                                                             1/2
  インストール中   : zip-3.0-23.el8.x86_64                                                                                                                                                                                               2/2
  scriptletの実行中: zip-3.0-23.el8.x86_64                                                                                                                                                                                               2/2
  検証             : unzip-6.0-46.el8.x86_64                                                                                                                                                                                             1/2
  検証             : zip-3.0-23.el8.x86_64                                                                                                                                                                                               2/2

インストール済み:
  unzip-6.0-46.el8.x86_64                                                                                                zip-3.0-23.el8.x86_64

完了しました!
[root@centos8 ~]# dnf -y install podman
メタデータの期限切れの最終確認: 0:01:56 前の 2023年07月18日 14時06分53秒 に実施しました。
依存関係が解決しました。
=============================================================================================================================================================================================================================================
 パッケージ                                                        アーキテクチャー                            バージョン                                                               リポジトリー                                   サイズ
=============================================================================================================================================================================================================================================
インストール:
 podman                                                            x86_64                                      3:4.5.1-5.module_el8+461+0c6b54ea                                        appstream                                       15 M
依存関係のインストール:
 checkpolicy                                                       x86_64                                      2.9-1.el8                                                                baseos                                         348 k
 conmon                                                            x86_64                                      3:2.1.7-1.module_el8+454+d7ef4b8d                                        appstream                                       57 k
 container-selinux                                                 noarch                                      2:2.218.0-1.module_el8+454+d7ef4b8d                                      appstream                                       69 k
 containernetworking-plugins                                       x86_64                                      1:1.3.0-2.module_el8+461+0c6b54ea                                        appstream                                       21 M
 containers-common                                                 x86_64                                      2:1-51.module_el8+454+d7ef4b8d                                           appstream                                      136 k
 criu                                                              x86_64                                      3.18-4.module_el8+454+d7ef4b8d                                           appstream                                      564 k
 fuse-common                                                       x86_64                                      3.3.0-17.el8                                                             baseos                                          22 k
 fuse-overlayfs                                                    x86_64                                      1.12-1.module_el8+454+d7ef4b8d                                           appstream                                       70 k
 fuse3                                                             x86_64                                      3.3.0-17.el8                                                             baseos                                          54 k
 fuse3-libs                                                        x86_64                                      3.3.0-17.el8                                                             baseos                                          95 k
 libnet                                                            x86_64                                      1.1.6-15.el8                                                             appstream                                       67 k
 libslirp                                                          x86_64                                      4.4.0-1.module_el8+454+d7ef4b8d                                          appstream                                       70 k
 podman-catatonit                                                  x86_64                                      3:4.5.1-5.module_el8+461+0c6b54ea                                        appstream                                      360 k
 policycoreutils-python-utils                                      noarch                                      2.9-24.el8                                                               baseos                                         260 k
 protobuf-c                                                        x86_64                                      1.3.0-8.el8                                                              appstream                                       37 k
 python3-audit                                                     x86_64                                      3.0.7-5.el8                                                              baseos                                          87 k
 python3-libsemanage                                               x86_64                                      2.9-9.el8                                                                baseos                                         128 k
 python3-policycoreutils                                           noarch                                      2.9-24.el8                                                               baseos                                         2.3 M
 python3-setools                                                   x86_64                                      4.3.0-3.el8                                                              baseos                                         624 k
 runc                                                              x86_64                                      1:1.1.7-2.module_el8+463+b24391b1                                        appstream                                      3.1 M
 shadow-utils-subid                                                x86_64                                      2:4.6-18.el8                                                             baseos                                         113 k
 slirp4netns                                                       x86_64                                      1.2.0-3.module_el8+454+d7ef4b8d                                          appstream                                       54 k
弱い依存関係のインストール:
 tar                                                               x86_64                                      2:1.30-9.el8                                                             baseos                                         847 k
モジュールストリームの有効化中:
 container-tools                                                                                               rhel8

トランザクションの概要
=============================================================================================================================================================================================================================================
インストール  24 パッケージ

ダウンロードサイズの合計: 46 M
インストール後のサイズ: 139 M
パッケージのダウンロード:
(1/24): conmon-2.1.7-1.module_el8+454+d7ef4b8d.x86_64.rpm                                                                                                                                                    1.4 MB/s |  57 kB     00:00
(2/24): container-selinux-2.218.0-1.module_el8+454+d7ef4b8d.noarch.rpm                                                                                                                                       1.4 MB/s |  69 kB     00:00
(3/24): containers-common-1-51.module_el8+454+d7ef4b8d.x86_64.rpm                                                                                                                                            5.1 MB/s | 136 kB     00:00
(4/24): criu-3.18-4.module_el8+454+d7ef4b8d.x86_64.rpm                                                                                                                                                       5.6 MB/s | 564 kB     00:00
(5/24): fuse-overlayfs-1.12-1.module_el8+454+d7ef4b8d.x86_64.rpm                                                                                                                                             816 kB/s |  70 kB     00:00
(6/24): libslirp-4.4.0-1.module_el8+454+d7ef4b8d.x86_64.rpm                                                                                                                                                  3.8 MB/s |  70 kB     00:00
(7/24): libnet-1.1.6-15.el8.x86_64.rpm                                                                                                                                                                       1.7 MB/s |  67 kB     00:00
(8/24): podman-catatonit-4.5.1-5.module_el8+461+0c6b54ea.x86_64.rpm                                                                                                                                          5.6 MB/s | 360 kB     00:00
(9/24): protobuf-c-1.3.0-8.el8.x86_64.rpm                                                                                                                                                                    966 kB/s |  37 kB     00:00
(10/24): runc-1.1.7-2.module_el8+463+b24391b1.x86_64.rpm                                                                                                                                                     4.9 MB/s | 3.1 MB     00:00
(11/24): slirp4netns-1.2.0-3.module_el8+454+d7ef4b8d.x86_64.rpm                                                                                                                                              2.2 MB/s |  54 kB     00:00
(12/24): checkpolicy-2.9-1.el8.x86_64.rpm                                                                                                                                                                    2.0 MB/s | 348 kB     00:00
(13/24): fuse-common-3.3.0-17.el8.x86_64.rpm                                                                                                                                                                 1.2 MB/s |  22 kB     00:00
(14/24): fuse3-3.3.0-17.el8.x86_64.rpm                                                                                                                                                                       3.1 MB/s |  54 kB     00:00
(15/24): fuse3-libs-3.3.0-17.el8.x86_64.rpm                                                                                                                                                                  3.1 MB/s |  95 kB     00:00
(16/24): policycoreutils-python-utils-2.9-24.el8.noarch.rpm                                                                                                                                                  6.1 MB/s | 260 kB     00:00
(17/24): python3-audit-3.0.7-5.el8.x86_64.rpm                                                                                                                                                                4.9 MB/s |  87 kB     00:00
(18/24): python3-libsemanage-2.9-9.el8.x86_64.rpm                                                                                                                                                            4.1 MB/s | 128 kB     00:00
(19/24): python3-policycoreutils-2.9-24.el8.noarch.rpm                                                                                                                                                        14 MB/s | 2.3 MB     00:00
(20/24): python3-setools-4.3.0-3.el8.x86_64.rpm                                                                                                                                                               16 MB/s | 624 kB     00:00
(21/24): shadow-utils-subid-4.6-18.el8.x86_64.rpm                                                                                                                                                            6.0 MB/s | 113 kB     00:00
(22/24): tar-1.30-9.el8.x86_64.rpm                                                                                                                                                                            18 MB/s | 847 kB     00:00
(23/24): podman-4.5.1-5.module_el8+461+0c6b54ea.x86_64.rpm                                                                                                                                                   5.5 MB/s |  15 MB     00:02
(24/24): containernetworking-plugins-1.3.0-2.module_el8+461+0c6b54ea.x86_64.rpm                                                                                                                              5.6 MB/s |  21 MB     00:03
---------------------------------------------------------------------------------------------------------------------------------------------------------------------------------------------------------------------------------------------
合計                                                                                                                                                                                                          10 MB/s |  46 MB     00:04
トランザクションの確認を実行中
トランザクションの確認に成功しました。
トランザクションのテストを実行中
トランザクションのテストに成功しました。
トランザクションを実行中
  準備             :                                                                                                                                                                                                                     1/1
  インストール中   : fuse3-libs-3.3.0-17.el8.x86_64                                                                                                                                                                                     1/24
  scriptletの実行中: fuse3-libs-3.3.0-17.el8.x86_64                                                                                                                                                                                     1/24
  インストール中   : tar-2:1.30-9.el8.x86_64                                                                                                                                                                                            2/24
  scriptletの実行中: tar-2:1.30-9.el8.x86_64                                                                                                                                                                                            2/24
  インストール中   : shadow-utils-subid-2:4.6-18.el8.x86_64                                                                                                                                                                             3/24
  インストール中   : python3-setools-4.3.0-3.el8.x86_64                                                                                                                                                                                 4/24
  インストール中   : python3-libsemanage-2.9-9.el8.x86_64                                                                                                                                                                               5/24
  インストール中   : python3-audit-3.0.7-5.el8.x86_64                                                                                                                                                                                   6/24
  インストール中   : fuse-common-3.3.0-17.el8.x86_64                                                                                                                                                                                    7/24
  インストール中   : fuse3-3.3.0-17.el8.x86_64                                                                                                                                                                                          8/24
  インストール中   : fuse-overlayfs-1.12-1.module_el8+454+d7ef4b8d.x86_64                                                                                                                                                               9/24
  scriptletの実行中: fuse-overlayfs-1.12-1.module_el8+454+d7ef4b8d.x86_64                                                                                                                                                               9/24
  インストール中   : checkpolicy-2.9-1.el8.x86_64                                                                                                                                                                                      10/24
  インストール中   : python3-policycoreutils-2.9-24.el8.noarch                                                                                                                                                                         11/24
  インストール中   : policycoreutils-python-utils-2.9-24.el8.noarch                                                                                                                                                                    12/24
  scriptletの実行中: container-selinux-2:2.218.0-1.module_el8+454+d7ef4b8d.noarch                                                                                                                                                      13/24
  インストール中   : container-selinux-2:2.218.0-1.module_el8+454+d7ef4b8d.noarch                                                                                                                                                      13/24
  scriptletの実行中: container-selinux-2:2.218.0-1.module_el8+454+d7ef4b8d.noarch                                                                                                                                                      13/24
  インストール中   : protobuf-c-1.3.0-8.el8.x86_64                                                                                                                                                                                     14/24
  インストール中   : libslirp-4.4.0-1.module_el8+454+d7ef4b8d.x86_64                                                                                                                                                                   15/24
  インストール中   : slirp4netns-1.2.0-3.module_el8+454+d7ef4b8d.x86_64                                                                                                                                                                16/24
  インストール中   : libnet-1.1.6-15.el8.x86_64                                                                                                                                                                                        17/24
  scriptletの実行中: libnet-1.1.6-15.el8.x86_64                                                                                                                                                                                        17/24
  インストール中   : criu-3.18-4.module_el8+454+d7ef4b8d.x86_64                                                                                                                                                                        18/24
  インストール中   : runc-1:1.1.7-2.module_el8+463+b24391b1.x86_64                                                                                                                                                                     19/24
  インストール中   : containers-common-2:1-51.module_el8+454+d7ef4b8d.x86_64                                                                                                                                                           20/24
  インストール中   : containernetworking-plugins-1:1.3.0-2.module_el8+461+0c6b54ea.x86_64                                                                                                                                              21/24
  インストール中   : conmon-3:2.1.7-1.module_el8+454+d7ef4b8d.x86_64                                                                                                                                                                   22/24
  インストール中   : podman-catatonit-3:4.5.1-5.module_el8+461+0c6b54ea.x86_64                                                                                                                                                         23/24
  インストール中   : podman-3:4.5.1-5.module_el8+461+0c6b54ea.x86_64                                                                                                                                                                   24/24
  scriptletの実行中: container-selinux-2:2.218.0-1.module_el8+454+d7ef4b8d.noarch                                                                                                                                                      24/24
  scriptletの実行中: podman-3:4.5.1-5.module_el8+461+0c6b54ea.x86_64                                                                                                                                                                   24/24
  検証             : conmon-3:2.1.7-1.module_el8+454+d7ef4b8d.x86_64                                                                                                                                                                    1/24
  検証             : container-selinux-2:2.218.0-1.module_el8+454+d7ef4b8d.noarch                                                                                                                                                       2/24
  検証             : containernetworking-plugins-1:1.3.0-2.module_el8+461+0c6b54ea.x86_64                                                                                                                                               3/24
  検証             : containers-common-2:1-51.module_el8+454+d7ef4b8d.x86_64                                                                                                                                                            4/24
  検証             : criu-3.18-4.module_el8+454+d7ef4b8d.x86_64                                                                                                                                                                         5/24
  検証             : fuse-overlayfs-1.12-1.module_el8+454+d7ef4b8d.x86_64                                                                                                                                                               6/24
  検証             : libnet-1.1.6-15.el8.x86_64                                                                                                                                                                                         7/24
  検証             : libslirp-4.4.0-1.module_el8+454+d7ef4b8d.x86_64                                                                                                                                                                    8/24
  検証             : podman-3:4.5.1-5.module_el8+461+0c6b54ea.x86_64                                                                                                                                                                    9/24
  検証             : podman-catatonit-3:4.5.1-5.module_el8+461+0c6b54ea.x86_64                                                                                                                                                         10/24
  検証             : protobuf-c-1.3.0-8.el8.x86_64                                                                                                                                                                                     11/24
  検証             : runc-1:1.1.7-2.module_el8+463+b24391b1.x86_64                                                                                                                                                                     12/24
  検証             : slirp4netns-1.2.0-3.module_el8+454+d7ef4b8d.x86_64                                                                                                                                                                13/24
  検証             : checkpolicy-2.9-1.el8.x86_64                                                                                                                                                                                      14/24
  検証             : fuse-common-3.3.0-17.el8.x86_64                                                                                                                                                                                   15/24
  検証             : fuse3-3.3.0-17.el8.x86_64                                                                                                                                                                                         16/24
  検証             : fuse3-libs-3.3.0-17.el8.x86_64                                                                                                                                                                                    17/24
  検証             : policycoreutils-python-utils-2.9-24.el8.noarch                                                                                                                                                                    18/24
  検証             : python3-audit-3.0.7-5.el8.x86_64                                                                                                                                                                                  19/24
  検証             : python3-libsemanage-2.9-9.el8.x86_64                                                                                                                                                                              20/24
  検証             : python3-policycoreutils-2.9-24.el8.noarch                                                                                                                                                                         21/24
  検証             : python3-setools-4.3.0-3.el8.x86_64                                                                                                                                                                                22/24
  検証             : shadow-utils-subid-2:4.6-18.el8.x86_64                                                                                                                                                                            23/24
  検証             : tar-2:1.30-9.el8.x86_64                                                                                                                                                                                           24/24

インストール済み:
  checkpolicy-2.9-1.el8.x86_64                                                         conmon-3:2.1.7-1.module_el8+454+d7ef4b8d.x86_64                           container-selinux-2:2.218.0-1.module_el8+454+d7ef4b8d.noarch
  containernetworking-plugins-1:1.3.0-2.module_el8+461+0c6b54ea.x86_64                 containers-common-2:1-51.module_el8+454+d7ef4b8d.x86_64                   criu-3.18-4.module_el8+454+d7ef4b8d.x86_64
  fuse-common-3.3.0-17.el8.x86_64                                                      fuse-overlayfs-1.12-1.module_el8+454+d7ef4b8d.x86_64                      fuse3-3.3.0-17.el8.x86_64
  fuse3-libs-3.3.0-17.el8.x86_64                                                       libnet-1.1.6-15.el8.x86_64                                                libslirp-4.4.0-1.module_el8+454+d7ef4b8d.x86_64
  podman-3:4.5.1-5.module_el8+461+0c6b54ea.x86_64                                      podman-catatonit-3:4.5.1-5.module_el8+461+0c6b54ea.x86_64                 policycoreutils-python-utils-2.9-24.el8.noarch
  protobuf-c-1.3.0-8.el8.x86_64                                                        python3-audit-3.0.7-5.el8.x86_64                                          python3-libsemanage-2.9-9.el8.x86_64
  python3-policycoreutils-2.9-24.el8.noarch                                            python3-setools-4.3.0-3.el8.x86_64                                        runc-1:1.1.7-2.module_el8+463+b24391b1.x86_64
  shadow-utils-subid-2:4.6-18.el8.x86_64                                               slirp4netns-1.2.0-3.module_el8+454+d7ef4b8d.x86_64                        tar-2:1.30-9.el8.x86_64

完了しました!
[root@centos8 ~]# which vim
/usr/bin/vim
[root@centos8 ~]# which zip
/usr/bin/zip
[root@centos8 ~]# which unzip
/usr/bin/unzip
[root@centos8 ~]# which podman
/usr/bin/podman
[root@centos8 ~]# podman --version
podman version 4.5.1
[root@centos8 ~]# podman info
host:
  arch: amd64
  buildahVersion: 1.30.0
  cgroupControllers:
  - cpuset
  - cpu
  - cpuacct
  - blkio
  - memory
  - devices
  - freezer
  - net_cls
  - perf_event
  - net_prio
  - hugetlb
  - pids
  - rdma
  cgroupManager: systemd
  cgroupVersion: v1
  conmon:
    package: conmon-2.1.7-1.module_el8+454+d7ef4b8d.x86_64
    path: /usr/bin/conmon
    version: 'conmon version 2.1.7, commit: 6aaf993c7765d6579b6c7d9178f2b00b1691c1f9'
  cpuUtilization:
    idlePercent: 93.52
    systemPercent: 1.16
    userPercent: 5.32
  cpus: 4
  databaseBackend: boltdb
  distribution:
    distribution: '"centos"'
    version: "8"
  eventLogger: file
  hostname: centos8
  idMappings:
    gidmap: null
    uidmap: null
  kernel: 4.18.0-500.el8.x86_64
  linkmode: dynamic
  logDriver: k8s-file
  memFree: 15529349120
  memTotal: 16526725120
  networkBackend: cni
  ociRuntime:
    name: runc
    package: runc-1.1.7-2.module_el8+463+b24391b1.x86_64
    path: /usr/bin/runc
    version: |-
      runc version 1.1.7
      spec: 1.0.2-dev
      go: go1.20.4
      libseccomp: 2.5.2
  os: linux
  remoteSocket:
    path: /run/podman/podman.sock
  security:
    apparmorEnabled: false
    capabilities: CAP_SYS_CHROOT,CAP_NET_RAW,CAP_CHOWN,CAP_DAC_OVERRIDE,CAP_FOWNER,CAP_FSETID,CAP_KILL,CAP_NET_BIND_SERVICE,CAP_SETFCAP,CAP_SETGID,CAP_SETPCAP,CAP_SETUID
    rootless: false
    seccompEnabled: true
    seccompProfilePath: /usr/share/containers/seccomp.json
    selinuxEnabled: true
  serviceIsRemote: false
  slirp4netns:
    executable: /usr/bin/slirp4netns
    package: slirp4netns-1.2.0-3.module_el8+454+d7ef4b8d.x86_64
    version: |-
      slirp4netns version 1.2.0
      commit: 656041d45cfca7a4176f6b7eed9e4fe6c11e8383
      libslirp: 4.4.0
      SLIRP_CONFIG_VERSION_MAX: 3
      libseccomp: 2.5.2
  swapFree: 8468295680
  swapTotal: 8468295680
  uptime: 0h 12m 27.00s
plugins:
  authorization: null
  log:
  - k8s-file
  - none
  - passthrough
  - journald
  network:
  - bridge
  - macvlan
  - ipvlan
  volume:
  - local
registries:
  search:
  - registry.access.redhat.com
  - registry.redhat.io
  - docker.io
store:
  configFile: /etc/containers/storage.conf
  containerStore:
    number: 0
    paused: 0
    running: 0
    stopped: 0
  graphDriverName: overlay
  graphOptions:
    overlay.mountopt: nodev,metacopy=on
  graphRoot: /var/lib/containers/storage
  graphRootAllocated: 75125227520
  graphRootUsed: 2589458432
  graphStatus:
    Backing Filesystem: xfs
    Native Overlay Diff: "false"
    Supports d_type: "true"
    Using metacopy: "true"
  imageCopyTmpDir: /var/tmp
  imageStore:
    number: 0
  runRoot: /run/containers/storage
  transientStore: false
  volumePath: /var/lib/containers/storage/volumes
version:
  APIVersion: 4.5.1
  Built: 1686823293
  BuiltTime: Thu Jun 15 19:01:33 2023
  GitCommit: ""
  GoVersion: go1.20.4
  Os: linux
  OsArch: linux/amd64
  Version: 4.5.1

[root@centos8 ~]# dnf -y install podman-docker
メタデータの期限切れの最終確認: 0:26:26 前の 2023年07月18日 14時06分53秒 に実施しました。
依存関係が解決しました。
=============================================================================================================================================================================================================================================
 パッケージ                                             アーキテクチャー                                バージョン                                                                  リポジトリー                                       サイズ
=============================================================================================================================================================================================================================================
インストール:
 podman-docker                                          noarch                                          3:4.5.1-5.module_el8+461+0c6b54ea                                           appstream                                          132 k

トランザクションの概要
=============================================================================================================================================================================================================================================
インストール  1 パッケージ

ダウンロードサイズの合計: 132 k
インストール後のサイズ: 7.6 k
パッケージのダウンロード:
podman-docker-4.5.1-5.module_el8+461+0c6b54ea.noarch.rpm                                                                                                                                                     1.6 MB/s | 132 kB     00:00
---------------------------------------------------------------------------------------------------------------------------------------------------------------------------------------------------------------------------------------------
合計                                                                                                                                                                                                         209 kB/s | 132 kB     00:00
トランザクションの確認を実行中
トランザクションの確認に成功しました。
トランザクションのテストを実行中
トランザクションのテストに成功しました。
トランザクションを実行中
  準備             :                                                                                                                                                                                                                     1/1
  インストール中   : podman-docker-3:4.5.1-5.module_el8+461+0c6b54ea.noarch                                                                                                                                                              1/1
  scriptletの実行中: podman-docker-3:4.5.1-5.module_el8+461+0c6b54ea.noarch                                                                                                                                                              1/1
  検証             : podman-docker-3:4.5.1-5.module_el8+461+0c6b54ea.noarch                                                                                                                                                              1/1

インストール済み:
  podman-docker-3:4.5.1-5.module_el8+461+0c6b54ea.noarch

完了しました!
[root@centos8 ~]# systemctl status podman.socket
● podman.socket - Podman API Socket
   Loaded: loaded (/usr/lib/systemd/system/podman.socket; disabled; vendor preset: disabled)
   Active: inactive (dead)
     Docs: man:podman-system-service(1)
   Listen: /run/podman/podman.sock (Stream)
[root@centos8 ~]# systemctl --now enable podman.socket
Created symlink /etc/systemd/system/sockets.target.wants/podman.socket → /usr/lib/systemd/system/podman.socket.
[root@centos8 ~]# systemctl status podman.socket
● podman.socket - Podman API Socket
   Loaded: loaded (/usr/lib/systemd/system/podman.socket; enabled; vendor preset: disabled)
   Active: active (listening) since Tue 2023-07-18 14:34:36 JST; 1s ago
     Docs: man:podman-system-service(1)
   Listen: /run/podman/podman.sock (Stream)
    Tasks: 0 (limit: 100620)
   Memory: 0B
   CGroup: /system.slice/podman.socket

 7月 18 14:34:36 centos8 systemd[1]: Listening on Podman API Socket.
[root@centos8 ~]# export DOCKER_HOST=unix://run/podman/podman.sock
[root@centos8 ~]# docker version
Emulate Docker CLI using podman. Create /etc/containers/nodocker to quiet msg.
Client:       Podman Engine
Version:      4.5.1
API Version:  4.5.1
Go Version:   go1.20.4
Built:        Thu Jun 15 19:01:33 2023
OS/Arch:      linux/amd64
[root@centos8 ~]# dnf -y install python38 python38-pip
メタデータの期限切れの最終確認: 0:10:01 前の 2023年07月18日 14時34分39秒 に実施しました。
依存関係が解決しました。
=============================================================================================================================================================================================================================================
 パッケージ                                                     アーキテクチャー                            バージョン                                                                  リポジトリー                                   サイズ
=============================================================================================================================================================================================================================================
インストール:
 python38                                                       x86_64                                      3.8.16-1.module_el8.8.0+1242+93d6d191                                       appstream                                       80 k
 python38-pip                                                   noarch                                      19.3.1-6.module_el8.7.0+1184+30eba247                                       appstream                                      1.8 M
依存関係のインストール:
 python38-libs                                                  x86_64                                      3.8.16-1.module_el8.8.0+1242+93d6d191                                       appstream                                      8.3 M
 python38-pip-wheel                                             noarch                                      19.3.1-6.module_el8.7.0+1184+30eba247                                       appstream                                      1.0 M
 python38-setuptools                                            noarch                                      41.6.0-5.module_el8.6.0+929+89303463                                        appstream                                      667 k
 python38-setuptools-wheel                                      noarch                                      41.6.0-5.module_el8.6.0+929+89303463                                        appstream                                      304 k
モジュールストリームの有効化中:
 python38                                                                                                   3.8

トランザクションの概要
=============================================================================================================================================================================================================================================
インストール  6 パッケージ

ダウンロードサイズの合計: 12 M
インストール後のサイズ: 45 M
パッケージのダウンロード:
(1/6): python38-3.8.16-1.module_el8.8.0+1242+93d6d191.x86_64.rpm                                                                                                                                             1.7 MB/s |  80 kB     00:00
(2/6): python38-pip-19.3.1-6.module_el8.7.0+1184+30eba247.noarch.rpm                                                                                                                                         5.7 MB/s | 1.8 MB     00:00
(3/6): python38-pip-wheel-19.3.1-6.module_el8.7.0+1184+30eba247.noarch.rpm                                                                                                                                   3.5 MB/s | 1.0 MB     00:00
(4/6): python38-setuptools-wheel-41.6.0-5.module_el8.6.0+929+89303463.noarch.rpm                                                                                                                             4.6 MB/s | 304 kB     00:00
(5/6): python38-setuptools-41.6.0-5.module_el8.6.0+929+89303463.noarch.rpm                                                                                                                                   6.6 MB/s | 667 kB     00:00
(6/6): python38-libs-3.8.16-1.module_el8.8.0+1242+93d6d191.x86_64.rpm                                                                                                                                        6.5 MB/s | 8.3 MB     00:01
---------------------------------------------------------------------------------------------------------------------------------------------------------------------------------------------------------------------------------------------
合計                                                                                                                                                                                                         6.8 MB/s |  12 MB     00:01
トランザクションの確認を実行中
トランザクションの確認に成功しました。
トランザクションのテストを実行中
トランザクションのテストに成功しました。
トランザクションを実行中
  準備             :                                                                                                                                                                                                                     1/1
  インストール中   : python38-setuptools-wheel-41.6.0-5.module_el8.6.0+929+89303463.noarch                                                                                                                                               1/6
  インストール中   : python38-pip-wheel-19.3.1-6.module_el8.7.0+1184+30eba247.noarch                                                                                                                                                     2/6
  インストール中   : python38-libs-3.8.16-1.module_el8.8.0+1242+93d6d191.x86_64                                                                                                                                                          3/6
  インストール中   : python38-3.8.16-1.module_el8.8.0+1242+93d6d191.x86_64                                                                                                                                                               4/6
  scriptletの実行中: python38-3.8.16-1.module_el8.8.0+1242+93d6d191.x86_64                                                                                                                                                               4/6
  インストール中   : python38-setuptools-41.6.0-5.module_el8.6.0+929+89303463.noarch                                                                                                                                                     5/6
  scriptletの実行中: python38-setuptools-41.6.0-5.module_el8.6.0+929+89303463.noarch                                                                                                                                                     5/6
  インストール中   : python38-pip-19.3.1-6.module_el8.7.0+1184+30eba247.noarch                                                                                                                                                           6/6
  scriptletの実行中: python38-pip-19.3.1-6.module_el8.7.0+1184+30eba247.noarch                                                                                                                                                           6/6
  検証             : python38-3.8.16-1.module_el8.8.0+1242+93d6d191.x86_64                                                                                                                                                               1/6
  検証             : python38-libs-3.8.16-1.module_el8.8.0+1242+93d6d191.x86_64                                                                                                                                                          2/6
  検証             : python38-pip-19.3.1-6.module_el8.7.0+1184+30eba247.noarch                                                                                                                                                           3/6
  検証             : python38-pip-wheel-19.3.1-6.module_el8.7.0+1184+30eba247.noarch                                                                                                                                                     4/6
  検証             : python38-setuptools-41.6.0-5.module_el8.6.0+929+89303463.noarch                                                                                                                                                     5/6
  検証             : python38-setuptools-wheel-41.6.0-5.module_el8.6.0+929+89303463.noarch                                                                                                                                               6/6

インストール済み:
  python38-3.8.16-1.module_el8.8.0+1242+93d6d191.x86_64                       python38-libs-3.8.16-1.module_el8.8.0+1242+93d6d191.x86_64                  python38-pip-19.3.1-6.module_el8.7.0+1184+30eba247.noarch
  python38-pip-wheel-19.3.1-6.module_el8.7.0+1184+30eba247.noarch             python38-setuptools-41.6.0-5.module_el8.6.0+929+89303463.noarch             python38-setuptools-wheel-41.6.0-5.module_el8.6.0+929+89303463.noarch

完了しました!
[root@centos8 ~]# dnf -y install nodejs npm
npm install -g configurable-http-proxy
メタデータの期限切れの最終確認: 0:13:27 前の 2023年07月18日 14時34分39秒 に実施しました。
依存関係が解決しました。
=============================================================================================================================================================================================================================================
 パッケージ                                           アーキテクチャー                           バージョン                                                                              リポジトリー                                  サイズ
=============================================================================================================================================================================================================================================
インストール:
 nodejs                                               x86_64                                     1:10.23.1-1.module_el8.4.0+645+9ce14ba2                                                 appstream                                     8.9 M
 npm                                                  x86_64                                     1:6.14.10-1.10.23.1.1.module_el8.4.0+645+9ce14ba2                                       appstream                                     3.7 M
弱い依存関係のインストール:
 nodejs-full-i18n                                     x86_64                                     1:10.23.1-1.module_el8.4.0+645+9ce14ba2                                                 appstream                                     7.3 M
モジュールストリームの有効化中:
 nodejs                                                                                          10

トランザクションの概要
=============================================================================================================================================================================================================================================
インストール  3 パッケージ

ダウンロードサイズの合計: 20 M
インストール後のサイズ: 71 M
パッケージのダウンロード:
(1/3): nodejs-10.23.1-1.module_el8.4.0+645+9ce14ba2.x86_64.rpm                                                                                                                                                12 MB/s | 8.9 MB     00:00
(2/3): nodejs-full-i18n-10.23.1-1.module_el8.4.0+645+9ce14ba2.x86_64.rpm                                                                                                                                     6.9 MB/s | 7.3 MB     00:01
(3/3): npm-6.14.10-1.10.23.1.1.module_el8.4.0+645+9ce14ba2.x86_64.rpm                                                                                                                                        3.0 MB/s | 3.7 MB     00:01
---------------------------------------------------------------------------------------------------------------------------------------------------------------------------------------------------------------------------------------------
合計                                                                                                                                                                                                         3.3 MB/s |  20 MB     00:05
トランザクションの確認を実行中
トランザクションの確認に成功しました。
トランザクションのテストを実行中
トランザクションのテストに成功しました。
トランザクションを実行中
  scriptletの実行中: npm-1:6.14.10-1.10.23.1.1.module_el8.4.0+645+9ce14ba2.x86_64                                                                                                                                                        1/1
  準備             :                                                                                                                                                                                                                     1/1
  インストール中   : nodejs-full-i18n-1:10.23.1-1.module_el8.4.0+645+9ce14ba2.x86_64                                                                                                                                                     1/3
  インストール中   : npm-1:6.14.10-1.10.23.1.1.module_el8.4.0+645+9ce14ba2.x86_64                                                                                                                                                        2/3
  インストール中   : nodejs-1:10.23.1-1.module_el8.4.0+645+9ce14ba2.x86_64                                                                                                                                                               3/3
  scriptletの実行中: nodejs-1:10.23.1-1.module_el8.4.0+645+9ce14ba2.x86_64                                                                                                                                                               3/3
  検証             : nodejs-1:10.23.1-1.module_el8.4.0+645+9ce14ba2.x86_64                                                                                                                                                               1/3
  検証             : nodejs-full-i18n-1:10.23.1-1.module_el8.4.0+645+9ce14ba2.x86_64                                                                                                                                                     2/3
  検証             : npm-1:6.14.10-1.10.23.1.1.module_el8.4.0+645+9ce14ba2.x86_64                                                                                                                                                        3/3

インストール済み:
  nodejs-1:10.23.1-1.module_el8.4.0+645+9ce14ba2.x86_64                    nodejs-full-i18n-1:10.23.1-1.module_el8.4.0+645+9ce14ba2.x86_64                    npm-1:6.14.10-1.10.23.1.1.module_el8.4.0+645+9ce14ba2.x86_64

完了しました!
[root@centos8 ~]# npm install -g configurable-http-proxy
/usr/local/bin/configurable-http-proxy -> /usr/local/lib/node_modules/configurable-http-proxy/bin/configurable-http-proxy
npm WARN notsup Unsupported engine for winston@3.8.2: wanted: {"node":">= 12.0.0"} (current: {"node":"10.23.1","npm":"6.14.10"})
npm WARN notsup Not compatible with your version of node/npm: winston@3.8.2
npm WARN notsup Unsupported engine for triple-beam@1.4.1: wanted: {"node":">= 14.0.0"} (current: {"node":"10.23.1","npm":"6.14.10"})
npm WARN notsup Not compatible with your version of node/npm: triple-beam@1.4.1

+ configurable-http-proxy@4.5.5
added 40 packages from 51 contributors in 4.267s
[root@centos8 ~]#
